------------------------------------------------------------
TimeQuest Timing Analyzer Summary
------------------------------------------------------------

Type  : Slow 1200mV 85C Model Setup 'clk_in'
Slack : -3.920
TNS   : -52.290

Type  : Slow 1200mV 85C Model Setup 'Slow_Clock:Slow_Clock|clkout'
Slack : -3.674
TNS   : -827.708

Type  : Slow 1200mV 85C Model Hold 'Slow_Clock:Slow_Clock|clkout'
Slack : 0.405
TNS   : 0.000

Type  : Slow 1200mV 85C Model Hold 'clk_in'
Slack : 0.604
TNS   : 0.000

Type  : Slow 1200mV 85C Model Minimum Pulse Width 'clk_in'
Slack : -3.000
TNS   : -36.410

Type  : Slow 1200mV 85C Model Minimum Pulse Width 'Slow_Clock:Slow_Clock|clkout'
Slack : -2.693
TNS   : -760.083

Type  : Slow 1200mV 0C Model Setup 'clk_in'
Slack : -3.540
TNS   : -44.777

Type  : Slow 1200mV 0C Model Setup 'Slow_Clock:Slow_Clock|clkout'
Slack : -3.336
TNS   : -722.174

Type  : Slow 1200mV 0C Model Hold 'Slow_Clock:Slow_Clock|clkout'
Slack : 0.355
TNS   : 0.000

Type  : Slow 1200mV 0C Model Hold 'clk_in'
Slack : 0.572
TNS   : 0.000

Type  : Slow 1200mV 0C Model Minimum Pulse Width 'clk_in'
Slack : -3.000
TNS   : -36.410

Type  : Slow 1200mV 0C Model Minimum Pulse Width 'Slow_Clock:Slow_Clock|clkout'
Slack : -2.649
TNS   : -748.819

Type  : Fast 1200mV 0C Model Setup 'Slow_Clock:Slow_Clock|clkout'
Slack : -1.771
TNS   : -326.671

Type  : Fast 1200mV 0C Model Setup 'clk_in'
Slack : -1.418
TNS   : -13.327

Type  : Fast 1200mV 0C Model Hold 'clk_in'
Slack : 0.086
TNS   : 0.000

Type  : Fast 1200mV 0C Model Hold 'Slow_Clock:Slow_Clock|clkout'
Slack : 0.164
TNS   : 0.000

Type  : Fast 1200mV 0C Model Minimum Pulse Width 'clk_in'
Slack : -3.000
TNS   : -30.604

Type  : Fast 1200mV 0C Model Minimum Pulse Width 'Slow_Clock:Slow_Clock|clkout'
Slack : -1.000
TNS   : -311.000

------------------------------------------------------------
