Analysis & Synthesis report for Display
Wed May 31 06:39:29 2023
Quartus II 64-Bit Version 14.1.0 Build 186 12/03/2014 SJ Web Edition


---------------------
; Table of Contents ;
---------------------
  1. Legal Notice
  2. Analysis & Synthesis Summary
  3. Analysis & Synthesis Settings
  4. Parallel Compilation
  5. Analysis & Synthesis Source Files Read
  6. Analysis & Synthesis Resource Usage Summary
  7. Analysis & Synthesis Resource Utilization by Entity
  8. Analysis & Synthesis RAM Summary
  9. State Machine - |Display|transmitter:uart_Tx|state
 10. Registers Removed During Synthesis
 11. General Register Statistics
 12. Inverted Register Statistics
 13. Multiplexer Restructuring Statistics (Restructuring Performed)
 14. Source assignments for FIFO:FIFO|dcfifo_mixed_widths:dcfifo_mixed_widths_component|dcfifo_hfg1:auto_generated
 15. Source assignments for FIFO:FIFO|dcfifo_mixed_widths:dcfifo_mixed_widths_component|dcfifo_hfg1:auto_generated|a_graycounter_2p6:rdptr_g1p
 16. Source assignments for FIFO:FIFO|dcfifo_mixed_widths:dcfifo_mixed_widths_component|dcfifo_hfg1:auto_generated|a_graycounter_v6c:wrptr_g1p
 17. Source assignments for FIFO:FIFO|dcfifo_mixed_widths:dcfifo_mixed_widths_component|dcfifo_hfg1:auto_generated|altsyncram_2011:fifo_ram
 18. Source assignments for FIFO:FIFO|dcfifo_mixed_widths:dcfifo_mixed_widths_component|dcfifo_hfg1:auto_generated|alt_synch_pipe_b7d:rs_dgwp
 19. Source assignments for FIFO:FIFO|dcfifo_mixed_widths:dcfifo_mixed_widths_component|dcfifo_hfg1:auto_generated|alt_synch_pipe_b7d:rs_dgwp|dffpipe_a09:dffpipe12
 20. Source assignments for FIFO:FIFO|dcfifo_mixed_widths:dcfifo_mixed_widths_component|dcfifo_hfg1:auto_generated|alt_synch_pipe_c7d:ws_dgrp
 21. Source assignments for FIFO:FIFO|dcfifo_mixed_widths:dcfifo_mixed_widths_component|dcfifo_hfg1:auto_generated|alt_synch_pipe_c7d:ws_dgrp|dffpipe_b09:dffpipe15
 22. Source assignments for FIFO:FIFO|dcfifo_mixed_widths:dcfifo_mixed_widths_component|dcfifo_hfg1:auto_generated|cntr_pld:cntr_b
 23. Parameter Settings for User Entity Instance: FIFO:FIFO|dcfifo_mixed_widths:dcfifo_mixed_widths_component
 24. Parameter Settings for User Entity Instance: baudrate:uart_baud
 25. Parameter Settings for User Entity Instance: transmitter:uart_Tx
 26. Port Connectivity Checks: "hexadigit1:hexadigit1"
 27. Post-Synthesis Netlist Statistics for Top Partition
 28. Elapsed Time Per Partition
 29. Analysis & Synthesis Messages
 30. Analysis & Synthesis Suppressed Messages



----------------
; Legal Notice ;
----------------
Copyright (C) 1991-2014 Altera Corporation. All rights reserved.
Your use of Altera Corporation's design tools, logic functions 
and other software and tools, and its AMPP partner logic 
functions, and any output files from any of the foregoing 
(including device programming or simulation files), and any 
associated documentation or information are expressly subject 
to the terms and conditions of the Altera Program License 
Subscription Agreement, the Altera Quartus II License Agreement,
the Altera MegaCore Function License Agreement, or other 
applicable license agreement, including, without limitation, 
that your use is for the sole purpose of programming logic 
devices manufactured by Altera and sold by Altera or its 
authorized distributors.  Please refer to the applicable 
agreement for further details.



+---------------------------------------------------------------------------------+
; Analysis & Synthesis Summary                                                    ;
+------------------------------------+--------------------------------------------+
; Analysis & Synthesis Status        ; Successful - Wed May 31 06:39:29 2023      ;
; Quartus II 64-Bit Version          ; 14.1.0 Build 186 12/03/2014 SJ Web Edition ;
; Revision Name                      ; Display                                    ;
; Top-level Entity Name              ; Display                                    ;
; Family                             ; Cyclone IV E                               ;
; Total logic elements               ; 361                                        ;
;     Total combinational functions  ; 277                                        ;
;     Dedicated logic registers      ; 209                                        ;
; Total registers                    ; 209                                        ;
; Total pins                         ; 37                                         ;
; Total virtual pins                 ; 0                                          ;
; Total memory bits                  ; 16,384                                     ;
; Embedded Multiplier 9-bit elements ; 0                                          ;
; Total PLLs                         ; 0                                          ;
+------------------------------------+--------------------------------------------+


+----------------------------------------------------------------------------------------------------------------------+
; Analysis & Synthesis Settings                                                                                        ;
+----------------------------------------------------------------------------+--------------------+--------------------+
; Option                                                                     ; Setting            ; Default Value      ;
+----------------------------------------------------------------------------+--------------------+--------------------+
; Device                                                                     ; EP4CE115F29C7      ;                    ;
; Top-level entity name                                                      ; Display            ; Display            ;
; Family name                                                                ; Cyclone IV E       ; Cyclone IV GX      ;
; Use smart compilation                                                      ; Off                ; Off                ;
; Enable parallel Assembler and TimeQuest Timing Analyzer during compilation ; On                 ; On                 ;
; Enable compact report table                                                ; Off                ; Off                ;
; Restructure Multiplexers                                                   ; Auto               ; Auto               ;
; Create Debugging Nodes for IP Cores                                        ; Off                ; Off                ;
; Preserve fewer node names                                                  ; On                 ; On                 ;
; Disable OpenCore Plus hardware evaluation                                  ; Off                ; Off                ;
; Verilog Version                                                            ; Verilog_2001       ; Verilog_2001       ;
; VHDL Version                                                               ; VHDL_1993          ; VHDL_1993          ;
; State Machine Processing                                                   ; Auto               ; Auto               ;
; Safe State Machine                                                         ; Off                ; Off                ;
; Extract Verilog State Machines                                             ; On                 ; On                 ;
; Extract VHDL State Machines                                                ; On                 ; On                 ;
; Ignore Verilog initial constructs                                          ; Off                ; Off                ;
; Iteration limit for constant Verilog loops                                 ; 5000               ; 5000               ;
; Iteration limit for non-constant Verilog loops                             ; 250                ; 250                ;
; Add Pass-Through Logic to Inferred RAMs                                    ; On                 ; On                 ;
; Infer RAMs from Raw Logic                                                  ; On                 ; On                 ;
; Parallel Synthesis                                                         ; On                 ; On                 ;
; DSP Block Balancing                                                        ; Auto               ; Auto               ;
; NOT Gate Push-Back                                                         ; On                 ; On                 ;
; Power-Up Don't Care                                                        ; On                 ; On                 ;
; Remove Redundant Logic Cells                                               ; Off                ; Off                ;
; Remove Duplicate Registers                                                 ; On                 ; On                 ;
; Ignore CARRY Buffers                                                       ; Off                ; Off                ;
; Ignore CASCADE Buffers                                                     ; Off                ; Off                ;
; Ignore GLOBAL Buffers                                                      ; Off                ; Off                ;
; Ignore ROW GLOBAL Buffers                                                  ; Off                ; Off                ;
; Ignore LCELL Buffers                                                       ; Off                ; Off                ;
; Ignore SOFT Buffers                                                        ; On                 ; On                 ;
; Limit AHDL Integers to 32 Bits                                             ; Off                ; Off                ;
; Optimization Technique                                                     ; Balanced           ; Balanced           ;
; Carry Chain Length                                                         ; 70                 ; 70                 ;
; Auto Carry Chains                                                          ; On                 ; On                 ;
; Auto Open-Drain Pins                                                       ; On                 ; On                 ;
; Perform WYSIWYG Primitive Resynthesis                                      ; Off                ; Off                ;
; Auto ROM Replacement                                                       ; On                 ; On                 ;
; Auto RAM Replacement                                                       ; On                 ; On                 ;
; Auto DSP Block Replacement                                                 ; On                 ; On                 ;
; Auto Shift Register Replacement                                            ; Auto               ; Auto               ;
; Allow Shift Register Merging across Hierarchies                            ; Auto               ; Auto               ;
; Auto Clock Enable Replacement                                              ; On                 ; On                 ;
; Strict RAM Replacement                                                     ; Off                ; Off                ;
; Allow Synchronous Control Signals                                          ; On                 ; On                 ;
; Force Use of Synchronous Clear Signals                                     ; Off                ; Off                ;
; Auto RAM Block Balancing                                                   ; On                 ; On                 ;
; Auto RAM to Logic Cell Conversion                                          ; Off                ; Off                ;
; Auto Resource Sharing                                                      ; Off                ; Off                ;
; Allow Any RAM Size For Recognition                                         ; Off                ; Off                ;
; Allow Any ROM Size For Recognition                                         ; Off                ; Off                ;
; Allow Any Shift Register Size For Recognition                              ; Off                ; Off                ;
; Use LogicLock Constraints during Resource Balancing                        ; On                 ; On                 ;
; Ignore translate_off and synthesis_off directives                          ; Off                ; Off                ;
; Timing-Driven Synthesis                                                    ; On                 ; On                 ;
; Report Parameter Settings                                                  ; On                 ; On                 ;
; Report Source Assignments                                                  ; On                 ; On                 ;
; Report Connectivity Checks                                                 ; On                 ; On                 ;
; Ignore Maximum Fan-Out Assignments                                         ; Off                ; Off                ;
; Synchronization Register Chain Length                                      ; 2                  ; 2                  ;
; PowerPlay Power Optimization During Synthesis                              ; Normal compilation ; Normal compilation ;
; HDL message level                                                          ; Level2             ; Level2             ;
; Suppress Register Optimization Related Messages                            ; Off                ; Off                ;
; Number of Removed Registers Reported in Synthesis Report                   ; 5000               ; 5000               ;
; Number of Swept Nodes Reported in Synthesis Report                         ; 5000               ; 5000               ;
; Number of Inverted Registers Reported in Synthesis Report                  ; 100                ; 100                ;
; Clock MUX Protection                                                       ; On                 ; On                 ;
; Auto Gated Clock Conversion                                                ; Off                ; Off                ;
; Block Design Naming                                                        ; Auto               ; Auto               ;
; SDC constraint protection                                                  ; Off                ; Off                ;
; Synthesis Effort                                                           ; Auto               ; Auto               ;
; Shift Register Replacement - Allow Asynchronous Clear Signal               ; On                 ; On                 ;
; Pre-Mapping Resynthesis Optimization                                       ; Off                ; Off                ;
; Analysis & Synthesis Message Level                                         ; Medium             ; Medium             ;
; Disable Register Merging Across Hierarchies                                ; Auto               ; Auto               ;
; Resource Aware Inference For Block RAM                                     ; On                 ; On                 ;
; Synthesis Seed                                                             ; 1                  ; 1                  ;
+----------------------------------------------------------------------------+--------------------+--------------------+


+------------------------------------------+
; Parallel Compilation                     ;
+----------------------------+-------------+
; Processors                 ; Number      ;
+----------------------------+-------------+
; Number detected on machine ; 8           ;
; Maximum allowed            ; 4           ;
;                            ;             ;
; Average used               ; 1.00        ;
; Maximum used               ; 2           ;
;                            ;             ;
; Usage by Processor         ; % Time Used ;
;     Processor 1            ; 100.0%      ;
;     Processor 2            ; < 0.1%      ;
;     Processors 3-8         ;   0.0%      ;
+----------------------------+-------------+


+-------------------------------------------------------------------------------------------------------------------------------------------------------------------------------------------------------------------------------------------------+
; Analysis & Synthesis Source Files Read                                                                                                                                                                                                          ;
+----------------------------------+-----------------+-----------------------------------+----------------------------------------------------------------------------------------------------------------------------------------------+---------+
; File Name with User-Entered Path ; Used in Netlist ; File Type                         ; File Name with Absolute Path                                                                                                                 ; Library ;
+----------------------------------+-----------------+-----------------------------------+----------------------------------------------------------------------------------------------------------------------------------------------+---------+
; Display.v                        ; yes             ; User Verilog HDL File             ; C:/Users/Anjana/Desktop/Github_FPGA/FPGA-Implementation-and-interfacing/Altera DE2-115 method/Quartus/Display_7seg/Display.v                 ;         ;
; hexadigit1.v                     ; yes             ; User Verilog HDL File             ; C:/Users/Anjana/Desktop/Github_FPGA/FPGA-Implementation-and-interfacing/Altera DE2-115 method/Quartus/Display_7seg/hexadigit1.v              ;         ;
; hexadigit2.v                     ; yes             ; User Verilog HDL File             ; C:/Users/Anjana/Desktop/Github_FPGA/FPGA-Implementation-and-interfacing/Altera DE2-115 method/Quartus/Display_7seg/hexadigit2.v              ;         ;
; hexadigit3.v                     ; yes             ; User Verilog HDL File             ; C:/Users/Anjana/Desktop/Github_FPGA/FPGA-Implementation-and-interfacing/Altera DE2-115 method/Quartus/Display_7seg/hexadigit3.v              ;         ;
; hexadigit4.v                     ; yes             ; User Verilog HDL File             ; C:/Users/Anjana/Desktop/Github_FPGA/FPGA-Implementation-and-interfacing/Altera DE2-115 method/Quartus/Display_7seg/hexadigit4.v              ;         ;
; lfsr.v                           ; yes             ; User Verilog HDL File             ; C:/Users/Anjana/Desktop/Github_FPGA/FPGA-Implementation-and-interfacing/Altera DE2-115 method/Quartus/Display_7seg/lfsr.v                    ;         ;
; baudrate.v                       ; yes             ; User Verilog HDL File             ; C:/Users/Anjana/Desktop/Github_FPGA/FPGA-Implementation-and-interfacing/Altera DE2-115 method/Quartus/Display_7seg/baudrate.v                ;         ;
; transmitter.v                    ; yes             ; User Verilog HDL File             ; C:/Users/Anjana/Desktop/Github_FPGA/FPGA-Implementation-and-interfacing/Altera DE2-115 method/Quartus/Display_7seg/transmitter.v             ;         ;
; clock_100hz.v                    ; yes             ; User Verilog HDL File             ; C:/Users/Anjana/Desktop/Github_FPGA/FPGA-Implementation-and-interfacing/Altera DE2-115 method/Quartus/Display_7seg/clock_100hz.v             ;         ;
; clk_200hz.v                      ; yes             ; User Verilog HDL File             ; C:/Users/Anjana/Desktop/Github_FPGA/FPGA-Implementation-and-interfacing/Altera DE2-115 method/Quartus/Display_7seg/clk_200hz.v               ;         ;
; fifo.v                           ; yes             ; Auto-Found Wizard-Generated File  ; C:/Users/Anjana/Desktop/Github_FPGA/FPGA-Implementation-and-interfacing/Altera DE2-115 method/Quartus/Display_7seg/fifo.v                    ;         ;
; dcfifo_mixed_widths.tdf          ; yes             ; Megafunction                      ; c:/altera/14.1/quartus/libraries/megafunctions/dcfifo_mixed_widths.tdf                                                                       ;         ;
; db/dcfifo_hfg1.tdf               ; yes             ; Auto-Generated Megafunction       ; C:/Users/Anjana/Desktop/Github_FPGA/FPGA-Implementation-and-interfacing/Altera DE2-115 method/Quartus/Display_7seg/db/dcfifo_hfg1.tdf        ;         ;
; db/a_graycounter_2p6.tdf         ; yes             ; Auto-Generated Megafunction       ; C:/Users/Anjana/Desktop/Github_FPGA/FPGA-Implementation-and-interfacing/Altera DE2-115 method/Quartus/Display_7seg/db/a_graycounter_2p6.tdf  ;         ;
; db/a_graycounter_v6c.tdf         ; yes             ; Auto-Generated Megafunction       ; C:/Users/Anjana/Desktop/Github_FPGA/FPGA-Implementation-and-interfacing/Altera DE2-115 method/Quartus/Display_7seg/db/a_graycounter_v6c.tdf  ;         ;
; db/altsyncram_2011.tdf           ; yes             ; Auto-Generated Megafunction       ; C:/Users/Anjana/Desktop/Github_FPGA/FPGA-Implementation-and-interfacing/Altera DE2-115 method/Quartus/Display_7seg/db/altsyncram_2011.tdf    ;         ;
; db/alt_synch_pipe_b7d.tdf        ; yes             ; Auto-Generated Megafunction       ; C:/Users/Anjana/Desktop/Github_FPGA/FPGA-Implementation-and-interfacing/Altera DE2-115 method/Quartus/Display_7seg/db/alt_synch_pipe_b7d.tdf ;         ;
; db/dffpipe_a09.tdf               ; yes             ; Auto-Generated Megafunction       ; C:/Users/Anjana/Desktop/Github_FPGA/FPGA-Implementation-and-interfacing/Altera DE2-115 method/Quartus/Display_7seg/db/dffpipe_a09.tdf        ;         ;
; db/alt_synch_pipe_c7d.tdf        ; yes             ; Auto-Generated Megafunction       ; C:/Users/Anjana/Desktop/Github_FPGA/FPGA-Implementation-and-interfacing/Altera DE2-115 method/Quartus/Display_7seg/db/alt_synch_pipe_c7d.tdf ;         ;
; db/dffpipe_b09.tdf               ; yes             ; Auto-Generated Megafunction       ; C:/Users/Anjana/Desktop/Github_FPGA/FPGA-Implementation-and-interfacing/Altera DE2-115 method/Quartus/Display_7seg/db/dffpipe_b09.tdf        ;         ;
; db/cmpr_n76.tdf                  ; yes             ; Auto-Generated Megafunction       ; C:/Users/Anjana/Desktop/Github_FPGA/FPGA-Implementation-and-interfacing/Altera DE2-115 method/Quartus/Display_7seg/db/cmpr_n76.tdf           ;         ;
; db/cntr_pld.tdf                  ; yes             ; Auto-Generated Megafunction       ; C:/Users/Anjana/Desktop/Github_FPGA/FPGA-Implementation-and-interfacing/Altera DE2-115 method/Quartus/Display_7seg/db/cntr_pld.tdf           ;         ;
+----------------------------------+-----------------+-----------------------------------+----------------------------------------------------------------------------------------------------------------------------------------------+---------+


+---------------------------------------------------------------------------------+
; Analysis & Synthesis Resource Usage Summary                                     ;
+---------------------------------------------+-----------------------------------+
; Resource                                    ; Usage                             ;
+---------------------------------------------+-----------------------------------+
; Estimated Total logic elements              ; 361                               ;
;                                             ;                                   ;
; Total combinational functions               ; 277                               ;
; Logic element usage by number of LUT inputs ;                                   ;
;     -- 4 input functions                    ; 120                               ;
;     -- 3 input functions                    ; 38                                ;
;     -- <=2 input functions                  ; 119                               ;
;                                             ;                                   ;
; Logic elements by mode                      ;                                   ;
;     -- normal mode                          ; 218                               ;
;     -- arithmetic mode                      ; 59                                ;
;                                             ;                                   ;
; Total registers                             ; 209                               ;
;     -- Dedicated logic registers            ; 209                               ;
;     -- I/O registers                        ; 0                                 ;
;                                             ;                                   ;
; I/O pins                                    ; 37                                ;
; Total memory bits                           ; 16384                             ;
;                                             ;                                   ;
; Embedded Multiplier 9-bit elements          ; 0                                 ;
;                                             ;                                   ;
; Maximum fan-out node                        ; clock_100hz:clock_100hz|clk_100hz ;
; Maximum fan-out                             ; 95                                ;
; Total fan-out                               ; 1587                              ;
; Average fan-out                             ; 2.79                              ;
+---------------------------------------------+-----------------------------------+


+-----------------------------------------------------------------------------------------------------------------------------------------------------------------------------------------------------------------------------------------------------------------------------------------------------------------------------------------+
; Analysis & Synthesis Resource Utilization by Entity                                                                                                                                                                                                                                                                                     ;
+-----------------------------------------------------------+-------------------+--------------+-------------+--------------+---------+-----------+------+--------------+--------------------------------------------------------------------------------------------------------------------------------------------------+--------------+
; Compilation Hierarchy Node                                ; LC Combinationals ; LC Registers ; Memory Bits ; DSP Elements ; DSP 9x9 ; DSP 18x18 ; Pins ; Virtual Pins ; Full Hierarchy Name                                                                                                                              ; Library Name ;
+-----------------------------------------------------------+-------------------+--------------+-------------+--------------+---------+-----------+------+--------------+--------------------------------------------------------------------------------------------------------------------------------------------------+--------------+
; |Display                                                  ; 277 (1)           ; 209 (0)      ; 16384       ; 0            ; 0       ; 0         ; 37   ; 0            ; |Display                                                                                                                                         ; work         ;
;    |FIFO:FIFO|                                            ; 64 (0)            ; 100 (0)      ; 16384       ; 0            ; 0       ; 0         ; 0    ; 0            ; |Display|FIFO:FIFO                                                                                                                               ; work         ;
;       |dcfifo_mixed_widths:dcfifo_mixed_widths_component| ; 64 (0)            ; 100 (0)      ; 16384       ; 0            ; 0       ; 0         ; 0    ; 0            ; |Display|FIFO:FIFO|dcfifo_mixed_widths:dcfifo_mixed_widths_component                                                                             ; work         ;
;          |dcfifo_hfg1:auto_generated|                     ; 64 (6)            ; 100 (30)     ; 16384       ; 0            ; 0       ; 0         ; 0    ; 0            ; |Display|FIFO:FIFO|dcfifo_mixed_widths:dcfifo_mixed_widths_component|dcfifo_hfg1:auto_generated                                                  ; work         ;
;             |a_graycounter_2p6:rdptr_g1p|                 ; 19 (19)           ; 14 (14)      ; 0           ; 0            ; 0       ; 0         ; 0    ; 0            ; |Display|FIFO:FIFO|dcfifo_mixed_widths:dcfifo_mixed_widths_component|dcfifo_hfg1:auto_generated|a_graycounter_2p6:rdptr_g1p                      ; work         ;
;             |a_graycounter_v6c:wrptr_g1p|                 ; 20 (20)           ; 14 (14)      ; 0           ; 0            ; 0       ; 0         ; 0    ; 0            ; |Display|FIFO:FIFO|dcfifo_mixed_widths:dcfifo_mixed_widths_component|dcfifo_hfg1:auto_generated|a_graycounter_v6c:wrptr_g1p                      ; work         ;
;             |alt_synch_pipe_b7d:rs_dgwp|                  ; 0 (0)             ; 20 (0)       ; 0           ; 0            ; 0       ; 0         ; 0    ; 0            ; |Display|FIFO:FIFO|dcfifo_mixed_widths:dcfifo_mixed_widths_component|dcfifo_hfg1:auto_generated|alt_synch_pipe_b7d:rs_dgwp                       ; work         ;
;                |dffpipe_a09:dffpipe12|                    ; 0 (0)             ; 20 (20)      ; 0           ; 0            ; 0       ; 0         ; 0    ; 0            ; |Display|FIFO:FIFO|dcfifo_mixed_widths:dcfifo_mixed_widths_component|dcfifo_hfg1:auto_generated|alt_synch_pipe_b7d:rs_dgwp|dffpipe_a09:dffpipe12 ; work         ;
;             |alt_synch_pipe_c7d:ws_dgrp|                  ; 0 (0)             ; 20 (0)       ; 0           ; 0            ; 0       ; 0         ; 0    ; 0            ; |Display|FIFO:FIFO|dcfifo_mixed_widths:dcfifo_mixed_widths_component|dcfifo_hfg1:auto_generated|alt_synch_pipe_c7d:ws_dgrp                       ; work         ;
;                |dffpipe_b09:dffpipe15|                    ; 0 (0)             ; 20 (20)      ; 0           ; 0            ; 0       ; 0         ; 0    ; 0            ; |Display|FIFO:FIFO|dcfifo_mixed_widths:dcfifo_mixed_widths_component|dcfifo_hfg1:auto_generated|alt_synch_pipe_c7d:ws_dgrp|dffpipe_b09:dffpipe15 ; work         ;
;             |altsyncram_2011:fifo_ram|                    ; 0 (0)             ; 0 (0)        ; 16384       ; 0            ; 0       ; 0         ; 0    ; 0            ; |Display|FIFO:FIFO|dcfifo_mixed_widths:dcfifo_mixed_widths_component|dcfifo_hfg1:auto_generated|altsyncram_2011:fifo_ram                         ; work         ;
;             |cmpr_n76:rdempty_eq_comp|                    ; 7 (7)             ; 0 (0)        ; 0           ; 0            ; 0       ; 0         ; 0    ; 0            ; |Display|FIFO:FIFO|dcfifo_mixed_widths:dcfifo_mixed_widths_component|dcfifo_hfg1:auto_generated|cmpr_n76:rdempty_eq_comp                         ; work         ;
;             |cmpr_n76:wrfull_eq_comp|                     ; 7 (7)             ; 0 (0)        ; 0           ; 0            ; 0       ; 0         ; 0    ; 0            ; |Display|FIFO:FIFO|dcfifo_mixed_widths:dcfifo_mixed_widths_component|dcfifo_hfg1:auto_generated|cmpr_n76:wrfull_eq_comp                          ; work         ;
;             |cntr_pld:cntr_b|                             ; 5 (5)             ; 2 (2)        ; 0           ; 0            ; 0       ; 0         ; 0    ; 0            ; |Display|FIFO:FIFO|dcfifo_mixed_widths:dcfifo_mixed_widths_component|dcfifo_hfg1:auto_generated|cntr_pld:cntr_b                                  ; work         ;
;    |baudrate:uart_baud|                                   ; 19 (19)           ; 9 (9)        ; 0           ; 0            ; 0       ; 0         ; 0    ; 0            ; |Display|baudrate:uart_baud                                                                                                                      ; work         ;
;    |clk_200hz:clk_200hz|                                  ; 43 (43)           ; 27 (27)      ; 0           ; 0            ; 0       ; 0         ; 0    ; 0            ; |Display|clk_200hz:clk_200hz                                                                                                                     ; work         ;
;    |clock_100hz:clock_100hz|                              ; 41 (41)           ; 25 (25)      ; 0           ; 0            ; 0       ; 0         ; 0    ; 0            ; |Display|clock_100hz:clock_100hz                                                                                                                 ; work         ;
;    |hexadigit1:hexadigit1|                                ; 7 (7)             ; 0 (0)        ; 0           ; 0            ; 0       ; 0         ; 0    ; 0            ; |Display|hexadigit1:hexadigit1                                                                                                                   ; work         ;
;    |hexadigit2:hexadigit2|                                ; 7 (7)             ; 0 (0)        ; 0           ; 0            ; 0       ; 0         ; 0    ; 0            ; |Display|hexadigit2:hexadigit2                                                                                                                   ; work         ;
;    |hexadigit3:hexadigit3|                                ; 7 (7)             ; 0 (0)        ; 0           ; 0            ; 0       ; 0         ; 0    ; 0            ; |Display|hexadigit3:hexadigit3                                                                                                                   ; work         ;
;    |hexadigit4:hexadigit4|                                ; 7 (7)             ; 0 (0)        ; 0           ; 0            ; 0       ; 0         ; 0    ; 0            ; |Display|hexadigit4:hexadigit4                                                                                                                   ; work         ;
;    |lfsr:lfsr|                                            ; 57 (57)           ; 32 (32)      ; 0           ; 0            ; 0       ; 0         ; 0    ; 0            ; |Display|lfsr:lfsr                                                                                                                               ; work         ;
;    |transmitter:uart_Tx|                                  ; 24 (24)           ; 16 (16)      ; 0           ; 0            ; 0       ; 0         ; 0    ; 0            ; |Display|transmitter:uart_Tx                                                                                                                     ; work         ;
+-----------------------------------------------------------+-------------------+--------------+-------------+--------------+---------+-----------+------+--------------+--------------------------------------------------------------------------------------------------------------------------------------------------+--------------+
Note: For table entries with two numbers listed, the numbers in parentheses indicate the number of resources of the given type used by the specific entity alone. The numbers listed outside of parentheses indicate the total resources of the given type used by the specific entity and all of its sub-entities in the hierarchy.


+---------------------------------------------------------------------------------------------------------------------------------------------------------------------------------------------------------------------------------+
; Analysis & Synthesis RAM Summary                                                                                                                                                                                                ;
+----------------------------------------------------------------------------------------------------------------------------+------+------------------+--------------+--------------+--------------+--------------+-------+------+
; Name                                                                                                                       ; Type ; Mode             ; Port A Depth ; Port A Width ; Port B Depth ; Port B Width ; Size  ; MIF  ;
+----------------------------------------------------------------------------------------------------------------------------+------+------------------+--------------+--------------+--------------+--------------+-------+------+
; FIFO:FIFO|dcfifo_mixed_widths:dcfifo_mixed_widths_component|dcfifo_hfg1:auto_generated|altsyncram_2011:fifo_ram|ALTSYNCRAM ; AUTO ; Simple Dual Port ; 512          ; 32           ; 2048         ; 8            ; 16384 ; None ;
+----------------------------------------------------------------------------------------------------------------------------+------+------------------+--------------+--------------+--------------+--------------+-------+------+


Encoding Type:  One-Hot
+---------------------------------------------------------------------------------------------------------------+
; State Machine - |Display|transmitter:uart_Tx|state                                                            ;
+----------------------+---------------------+---------------------+----------------------+---------------------+
; Name                 ; state.TX_STATE_STOP ; state.TX_STATE_DATA ; state.TX_STATE_START ; state.TX_STATE_IDLE ;
+----------------------+---------------------+---------------------+----------------------+---------------------+
; state.TX_STATE_IDLE  ; 0                   ; 0                   ; 0                    ; 0                   ;
; state.TX_STATE_START ; 0                   ; 0                   ; 1                    ; 1                   ;
; state.TX_STATE_DATA  ; 0                   ; 1                   ; 0                    ; 1                   ;
; state.TX_STATE_STOP  ; 1                   ; 0                   ; 0                    ; 1                   ;
+----------------------+---------------------+---------------------+----------------------+---------------------+


+-------------------------------------------------------------------------------------+
; Registers Removed During Synthesis                                                  ;
+----------------------------------------+--------------------------------------------+
; Register name                          ; Reason for Removal                         ;
+----------------------------------------+--------------------------------------------+
; lfsr:lfsr|data_out[31]                 ; Stuck at GND due to stuck port data_in     ;
; lfsr:lfsr|data_out[29,30]              ; Stuck at VCC due to stuck port data_in     ;
; lfsr:lfsr|data_out[23,26..28]          ; Stuck at GND due to stuck port data_in     ;
; lfsr:lfsr|data_out[22]                 ; Stuck at VCC due to stuck port data_in     ;
; lfsr:lfsr|data_out[14,15,21]           ; Stuck at GND due to stuck port data_in     ;
; lfsr:lfsr|data_out[13]                 ; Stuck at VCC due to stuck port data_in     ;
; lfsr:lfsr|data_out[5..7]               ; Stuck at GND due to stuck port data_in     ;
; lfsr:lfsr|data_out[0]                  ; Stuck at VCC due to stuck port data_in     ;
; transmitter:uart_Tx|state~5            ; Lost fanout                                ;
; transmitter:uart_Tx|state~6            ; Lost fanout                                ;
; clock_100hz:clock_100hz|counter[0]     ; Merged with clk_200hz:clk_200hz|counter[0] ;
; clock_100hz:clock_100hz|counter[1]     ; Merged with clk_200hz:clk_200hz|counter[1] ;
; Total Number of Removed Registers = 20 ;                                            ;
+----------------------------------------+--------------------------------------------+


+------------------------------------------------------+
; General Register Statistics                          ;
+----------------------------------------------+-------+
; Statistic                                    ; Value ;
+----------------------------------------------+-------+
; Total registers                              ; 209   ;
; Number of registers using Synchronous Clear  ; 0     ;
; Number of registers using Synchronous Load   ; 0     ;
; Number of registers using Asynchronous Clear ; 32    ;
; Number of registers using Asynchronous Load  ; 0     ;
; Number of registers using Clock Enable       ; 40    ;
; Number of registers using Preset             ; 0     ;
+----------------------------------------------+-------+


+--------------------------------------------------------------------------------------------------------------------------------------------+
; Inverted Register Statistics                                                                                                               ;
+----------------------------------------------------------------------------------------------------------------------------------+---------+
; Inverted Register                                                                                                                ; Fan out ;
+----------------------------------------------------------------------------------------------------------------------------------+---------+
; lfsr:lfsr|q[0]                                                                                                                   ; 10      ;
; lfsr:lfsr|q[5]                                                                                                                   ; 11      ;
; lfsr:lfsr|q[6]                                                                                                                   ; 11      ;
; lfsr:lfsr|q[7]                                                                                                                   ; 11      ;
; lfsr:lfsr|q[10]                                                                                                                  ; 12      ;
; lfsr:lfsr|q[11]                                                                                                                  ; 11      ;
; lfsr:lfsr|q[13]                                                                                                                  ; 12      ;
; lfsr:lfsr|q[15]                                                                                                                  ; 12      ;
; transmitter:uart_Tx|Tx                                                                                                           ; 2       ;
; FIFO:FIFO|dcfifo_mixed_widths:dcfifo_mixed_widths_component|dcfifo_hfg1:auto_generated|a_graycounter_v6c:wrptr_g1p|counter8a0    ; 6       ;
; FIFO:FIFO|dcfifo_mixed_widths:dcfifo_mixed_widths_component|dcfifo_hfg1:auto_generated|cntr_pld:cntr_b|counter_reg_bit0          ; 2       ;
; FIFO:FIFO|dcfifo_mixed_widths:dcfifo_mixed_widths_component|dcfifo_hfg1:auto_generated|a_graycounter_v6c:wrptr_g1p|parity9       ; 4       ;
; FIFO:FIFO|dcfifo_mixed_widths:dcfifo_mixed_widths_component|dcfifo_hfg1:auto_generated|a_graycounter_2p6:rdptr_g1p|sub_parity6a0 ; 1       ;
; Total number of inverted registers = 13                                                                                          ;         ;
+----------------------------------------------------------------------------------------------------------------------------------+---------+


+-------------------------------------------------------------------------------------------------------------------------------------------------------+
; Multiplexer Restructuring Statistics (Restructuring Performed)                                                                                        ;
+--------------------+-----------+---------------+----------------------+------------------------+------------+-----------------------------------------+
; Multiplexer Inputs ; Bus Width ; Baseline Area ; Area if Restructured ; Saving if Restructured ; Registered ; Example Multiplexer Output              ;
+--------------------+-----------+---------------+----------------------+------------------------+------------+-----------------------------------------+
; 6:1                ; 3 bits    ; 12 LEs        ; 3 LEs                ; 9 LEs                  ; Yes        ; |Display|transmitter:uart_Tx|bit_pos[2] ;
; 7:1                ; 2 bits    ; 8 LEs         ; 4 LEs                ; 4 LEs                  ; No         ; |Display|transmitter:uart_Tx|Selector1  ;
; 9:1                ; 2 bits    ; 12 LEs        ; 4 LEs                ; 8 LEs                  ; No         ; |Display|transmitter:uart_Tx|Selector2  ;
+--------------------+-----------+---------------+----------------------+------------------------+------------+-----------------------------------------+


+---------------------------------------------------------------------------------------------------------------+
; Source assignments for FIFO:FIFO|dcfifo_mixed_widths:dcfifo_mixed_widths_component|dcfifo_hfg1:auto_generated ;
+---------------------------------------+-------+------+--------------------------------------------------------+
; Assignment                            ; Value ; From ; To                                                     ;
+---------------------------------------+-------+------+--------------------------------------------------------+
; AUTO_SHIFT_REGISTER_RECOGNITION       ; OFF   ; -    ; -                                                      ;
; REMOVE_DUPLICATE_REGISTERS            ; OFF   ; -    ; -                                                      ;
; SYNCHRONIZER_IDENTIFICATION           ; OFF   ; -    ; -                                                      ;
; SYNCHRONIZATION_REGISTER_CHAIN_LENGTH ; 2     ; -    ; -                                                      ;
+---------------------------------------+-------+------+--------------------------------------------------------+


+-------------------------------------------------------------------------------------------------------------------------------------------+
; Source assignments for FIFO:FIFO|dcfifo_mixed_widths:dcfifo_mixed_widths_component|dcfifo_hfg1:auto_generated|a_graycounter_2p6:rdptr_g1p ;
+----------------+-------+------+-----------------------------------------------------------------------------------------------------------+
; Assignment     ; Value ; From ; To                                                                                                        ;
+----------------+-------+------+-----------------------------------------------------------------------------------------------------------+
; POWER_UP_LEVEL ; HIGH  ; -    ; sub_parity6a0                                                                                             ;
; POWER_UP_LEVEL ; LOW   ; -    ; parity5                                                                                                   ;
+----------------+-------+------+-----------------------------------------------------------------------------------------------------------+


+-------------------------------------------------------------------------------------------------------------------------------------------+
; Source assignments for FIFO:FIFO|dcfifo_mixed_widths:dcfifo_mixed_widths_component|dcfifo_hfg1:auto_generated|a_graycounter_v6c:wrptr_g1p ;
+----------------+-------+------+-----------------------------------------------------------------------------------------------------------+
; Assignment     ; Value ; From ; To                                                                                                        ;
+----------------+-------+------+-----------------------------------------------------------------------------------------------------------+
; POWER_UP_LEVEL ; HIGH  ; -    ; counter8a0                                                                                                ;
; POWER_UP_LEVEL ; HIGH  ; -    ; parity9                                                                                                   ;
+----------------+-------+------+-----------------------------------------------------------------------------------------------------------+


+----------------------------------------------------------------------------------------------------------------------------------------+
; Source assignments for FIFO:FIFO|dcfifo_mixed_widths:dcfifo_mixed_widths_component|dcfifo_hfg1:auto_generated|altsyncram_2011:fifo_ram ;
+---------------------------------+--------------------+------+--------------------------------------------------------------------------+
; Assignment                      ; Value              ; From ; To                                                                       ;
+---------------------------------+--------------------+------+--------------------------------------------------------------------------+
; OPTIMIZE_POWER_DURING_SYNTHESIS ; NORMAL_COMPILATION ; -    ; -                                                                        ;
+---------------------------------+--------------------+------+--------------------------------------------------------------------------+


+------------------------------------------------------------------------------------------------------------------------------------------+
; Source assignments for FIFO:FIFO|dcfifo_mixed_widths:dcfifo_mixed_widths_component|dcfifo_hfg1:auto_generated|alt_synch_pipe_b7d:rs_dgwp ;
+-----------------------------+------------------------+------+----------------------------------------------------------------------------+
; Assignment                  ; Value                  ; From ; To                                                                         ;
+-----------------------------+------------------------+------+----------------------------------------------------------------------------+
; X_ON_VIOLATION_OPTION       ; OFF                    ; -    ; -                                                                          ;
; SYNCHRONIZER_IDENTIFICATION ; FORCED_IF_ASYNCHRONOUS ; -    ; -                                                                          ;
+-----------------------------+------------------------+------+----------------------------------------------------------------------------+


+----------------------------------------------------------------------------------------------------------------------------------------------------------------+
; Source assignments for FIFO:FIFO|dcfifo_mixed_widths:dcfifo_mixed_widths_component|dcfifo_hfg1:auto_generated|alt_synch_pipe_b7d:rs_dgwp|dffpipe_a09:dffpipe12 ;
+---------------------------------+-------+------+---------------------------------------------------------------------------------------------------------------+
; Assignment                      ; Value ; From ; To                                                                                                            ;
+---------------------------------+-------+------+---------------------------------------------------------------------------------------------------------------+
; AUTO_SHIFT_REGISTER_RECOGNITION ; OFF   ; -    ; -                                                                                                             ;
+---------------------------------+-------+------+---------------------------------------------------------------------------------------------------------------+


+------------------------------------------------------------------------------------------------------------------------------------------+
; Source assignments for FIFO:FIFO|dcfifo_mixed_widths:dcfifo_mixed_widths_component|dcfifo_hfg1:auto_generated|alt_synch_pipe_c7d:ws_dgrp ;
+-----------------------------+------------------------+------+----------------------------------------------------------------------------+
; Assignment                  ; Value                  ; From ; To                                                                         ;
+-----------------------------+------------------------+------+----------------------------------------------------------------------------+
; X_ON_VIOLATION_OPTION       ; OFF                    ; -    ; -                                                                          ;
; SYNCHRONIZER_IDENTIFICATION ; FORCED_IF_ASYNCHRONOUS ; -    ; -                                                                          ;
+-----------------------------+------------------------+------+----------------------------------------------------------------------------+


+----------------------------------------------------------------------------------------------------------------------------------------------------------------+
; Source assignments for FIFO:FIFO|dcfifo_mixed_widths:dcfifo_mixed_widths_component|dcfifo_hfg1:auto_generated|alt_synch_pipe_c7d:ws_dgrp|dffpipe_b09:dffpipe15 ;
+---------------------------------+-------+------+---------------------------------------------------------------------------------------------------------------+
; Assignment                      ; Value ; From ; To                                                                                                            ;
+---------------------------------+-------+------+---------------------------------------------------------------------------------------------------------------+
; AUTO_SHIFT_REGISTER_RECOGNITION ; OFF   ; -    ; -                                                                                                             ;
+---------------------------------+-------+------+---------------------------------------------------------------------------------------------------------------+


+-------------------------------------------------------------------------------------------------------------------------------+
; Source assignments for FIFO:FIFO|dcfifo_mixed_widths:dcfifo_mixed_widths_component|dcfifo_hfg1:auto_generated|cntr_pld:cntr_b ;
+----------------+-------+------+-----------------------------------------------------------------------------------------------+
; Assignment     ; Value ; From ; To                                                                                            ;
+----------------+-------+------+-----------------------------------------------------------------------------------------------+
; POWER_UP_LEVEL ; HIGH  ; -    ; counter_reg_bit0                                                                              ;
+----------------+-------+------+-----------------------------------------------------------------------------------------------+


+----------------------------------------------------------------------------------------------------------+
; Parameter Settings for User Entity Instance: FIFO:FIFO|dcfifo_mixed_widths:dcfifo_mixed_widths_component ;
+----------------------------------------+-------------+---------------------------------------------------+
; Parameter Name                         ; Value       ; Type                                              ;
+----------------------------------------+-------------+---------------------------------------------------+
; ACF_DISABLE_EMBEDDED_TIMING_CONSTRAINT ; FALSE       ; Untyped                                           ;
; ACF_DISABLE_MLAB_RAM_USE               ; FALSE       ; Untyped                                           ;
; ADD_RAM_OUTPUT_REGISTER                ; OFF         ; Untyped                                           ;
; ADD_USEDW_MSB_BIT                      ; OFF         ; Untyped                                           ;
; CLOCKS_ARE_SYNCHRONIZED                ; FALSE       ; Untyped                                           ;
; DELAY_RDUSEDW                          ; 1           ; Untyped                                           ;
; DELAY_WRUSEDW                          ; 1           ; Untyped                                           ;
; LPM_NUMWORDS                           ; 512         ; Signed Integer                                    ;
; LPM_SHOWAHEAD                          ; OFF         ; Untyped                                           ;
; LPM_WIDTH                              ; 32          ; Signed Integer                                    ;
; LPM_WIDTH_R                            ; 8           ; Signed Integer                                    ;
; LPM_WIDTHU                             ; 9           ; Signed Integer                                    ;
; LPM_WIDTHU_R                           ; 11          ; Signed Integer                                    ;
; MAXIMIZE_SPEED                         ; 5           ; Untyped                                           ;
; OVERFLOW_CHECKING                      ; ON          ; Untyped                                           ;
; RAM_BLOCK_TYPE                         ; AUTO        ; Untyped                                           ;
; RDSYNC_DELAYPIPE                       ; 4           ; Signed Integer                                    ;
; READ_ACLR_SYNCH                        ; OFF         ; Untyped                                           ;
; UNDERFLOW_CHECKING                     ; ON          ; Untyped                                           ;
; USE_EAB                                ; ON          ; Untyped                                           ;
; WRITE_ACLR_SYNCH                       ; OFF         ; Untyped                                           ;
; WRSYNC_DELAYPIPE                       ; 4           ; Signed Integer                                    ;
; CBXI_PARAMETER                         ; dcfifo_hfg1 ; Untyped                                           ;
+----------------------------------------+-------------+---------------------------------------------------+
Note: In order to hide this table in the UI and the text report file, please set the "Show Parameter Settings in Synthesis Report" option in "Analysis and Synthesis Settings -> More Settings" to "Off".


+-----------------------------------------------------------------+
; Parameter Settings for User Entity Instance: baudrate:uart_baud ;
+----------------+-------+----------------------------------------+
; Parameter Name ; Value ; Type                                   ;
+----------------+-------+----------------------------------------+
; TX_ACC_MAX     ; 434   ; Signed Integer                         ;
; TX_ACC_WIDTH   ; 9     ; Signed Integer                         ;
+----------------+-------+----------------------------------------+
Note: In order to hide this table in the UI and the text report file, please set the "Show Parameter Settings in Synthesis Report" option in "Analysis and Synthesis Settings -> More Settings" to "Off".


+------------------------------------------------------------------+
; Parameter Settings for User Entity Instance: transmitter:uart_Tx ;
+----------------+-------+-----------------------------------------+
; Parameter Name ; Value ; Type                                    ;
+----------------+-------+-----------------------------------------+
; TX_STATE_IDLE  ; 00    ; Unsigned Binary                         ;
; TX_STATE_START ; 01    ; Unsigned Binary                         ;
; TX_STATE_DATA  ; 10    ; Unsigned Binary                         ;
; TX_STATE_STOP  ; 11    ; Unsigned Binary                         ;
+----------------+-------+-----------------------------------------+
Note: In order to hide this table in the UI and the text report file, please set the "Show Parameter Settings in Synthesis Report" option in "Analysis and Synthesis Settings -> More Settings" to "Off".


+--------------------------------------------------------------------------------------------------------------------------------------------------------------------------------------------------------------+
; Port Connectivity Checks: "hexadigit1:hexadigit1"                                                                                                                                                            ;
+------+-------+----------+------------------------------------------------------------------------------------------------------------------------------------------------------------------------------------+
; Port ; Type  ; Severity ; Details                                                                                                                                                                            ;
+------+-------+----------+------------------------------------------------------------------------------------------------------------------------------------------------------------------------------------+
; in   ; Input ; Warning  ; Input port expression (16 bits) is wider than the input port (4 bits) it drives.  The 12 most-significant bit(s) in the expression will be dangling if they have no other fanouts. ;
+------+-------+----------+------------------------------------------------------------------------------------------------------------------------------------------------------------------------------------+


+-----------------------------------------------------+
; Post-Synthesis Netlist Statistics for Top Partition ;
+-----------------------+-----------------------------+
; Type                  ; Count                       ;
+-----------------------+-----------------------------+
; boundary_port         ; 37                          ;
; cycloneiii_ff         ; 209                         ;
;     CLR               ; 32                          ;
;     ENA               ; 40                          ;
;     plain             ; 137                         ;
; cycloneiii_lcell_comb ; 284                         ;
;     arith             ; 59                          ;
;         2 data inputs ; 58                          ;
;         3 data inputs ; 1                           ;
;     normal            ; 225                         ;
;         0 data inputs ; 2                           ;
;         1 data inputs ; 21                          ;
;         2 data inputs ; 45                          ;
;         3 data inputs ; 37                          ;
;         4 data inputs ; 120                         ;
; cycloneiii_ram_block  ; 8                           ;
;                       ;                             ;
; Max LUT depth         ; 6.00                        ;
; Average LUT depth     ; 2.82                        ;
+-----------------------+-----------------------------+


+-------------------------------+
; Elapsed Time Per Partition    ;
+----------------+--------------+
; Partition Name ; Elapsed Time ;
+----------------+--------------+
; Top            ; 00:00:01     ;
+----------------+--------------+


+-------------------------------+
; Analysis & Synthesis Messages ;
+-------------------------------+
Info: *******************************************************************
Info: Running Quartus II 64-Bit Analysis & Synthesis
    Info: Version 14.1.0 Build 186 12/03/2014 SJ Web Edition
    Info: Processing started: Wed May 31 06:38:54 2023
Info: Command: quartus_map --read_settings_files=on --write_settings_files=off Display -c Display
Warning (125092): Tcl Script File FIFO.qip not found
    Info (125063): set_global_assignment -name QIP_FILE FIFO.qip
Info (11104): Parallel Compilation has detected 8 hyper-threaded processors. However, the extra hyper-threaded processors will not be used by default. Parallel Compilation will use 4 of the 4 physical processors detected instead.
Warning (10275): Verilog HDL Module Instantiation warning at Display.v(85): ignored dangling comma in List of Port Connections
Info (12021): Found 1 design units, including 1 entities, in source file display.v
    Info (12023): Found entity 1: Display
Info (12021): Found 1 design units, including 1 entities, in source file hexadigit1.v
    Info (12023): Found entity 1: hexadigit1
Info (12021): Found 1 design units, including 1 entities, in source file hexadigit2.v
    Info (12023): Found entity 1: hexadigit2
Info (12021): Found 1 design units, including 1 entities, in source file hexadigit3.v
    Info (12023): Found entity 1: hexadigit3
Info (12021): Found 1 design units, including 1 entities, in source file hexadigit4.v
    Info (12023): Found entity 1: hexadigit4
Info (12021): Found 1 design units, including 1 entities, in source file lfsr.v
    Info (12023): Found entity 1: lfsr
Info (12021): Found 1 design units, including 1 entities, in source file clock_1hz.v
    Info (12023): Found entity 1: clock_1hz
Info (12021): Found 1 design units, including 1 entities, in source file baudrate.v
    Info (12023): Found entity 1: baudrate
Info (12021): Found 1 design units, including 1 entities, in source file transmitter.v
    Info (12023): Found entity 1: transmitter
Info (12021): Found 1 design units, including 1 entities, in source file clock_100hz.v
    Info (12023): Found entity 1: clock_100hz
Info (12021): Found 1 design units, including 1 entities, in source file clk_200hz.v
    Info (12023): Found entity 1: clk_200hz
Warning (10236): Verilog HDL Implicit Net warning at Display.v(73): created implicit net for "Clk_200hz"
Info (12127): Elaborating entity "Display" for the top level hierarchy
Warning (10036): Verilog HDL or VHDL warning at Display.v(19): object "out1_wire" assigned a value but never read
Info (12128): Elaborating entity "hexadigit1" for hierarchy "hexadigit1:hexadigit1"
Info (12128): Elaborating entity "hexadigit2" for hierarchy "hexadigit2:hexadigit2"
Info (12128): Elaborating entity "hexadigit3" for hierarchy "hexadigit3:hexadigit3"
Info (12128): Elaborating entity "hexadigit4" for hierarchy "hexadigit4:hexadigit4"
Info (12128): Elaborating entity "lfsr" for hierarchy "lfsr:lfsr"
Info (12128): Elaborating entity "clock_100hz" for hierarchy "clock_100hz:clock_100hz"
Warning (10230): Verilog HDL assignment warning at clock_100hz.v(14): truncated value with size 32 to match size of target (26)
Info (12128): Elaborating entity "clk_200hz" for hierarchy "clk_200hz:clk_200hz"
Warning (10230): Verilog HDL assignment warning at clk_200hz.v(14): truncated value with size 32 to match size of target (26)
Warning (12125): Using design file fifo.v, which is not specified as a design file for the current project, but contains definitions for 1 design units and 1 entities in project
    Info (12023): Found entity 1: FIFO
Info (12128): Elaborating entity "FIFO" for hierarchy "FIFO:FIFO"
Info (12128): Elaborating entity "dcfifo_mixed_widths" for hierarchy "FIFO:FIFO|dcfifo_mixed_widths:dcfifo_mixed_widths_component"
Info (12130): Elaborated megafunction instantiation "FIFO:FIFO|dcfifo_mixed_widths:dcfifo_mixed_widths_component"
Info (12133): Instantiated megafunction "FIFO:FIFO|dcfifo_mixed_widths:dcfifo_mixed_widths_component" with the following parameter:
    Info (12134): Parameter "intended_device_family" = "Cyclone IV E"
    Info (12134): Parameter "lpm_numwords" = "512"
    Info (12134): Parameter "lpm_showahead" = "OFF"
    Info (12134): Parameter "lpm_type" = "dcfifo_mixed_widths"
    Info (12134): Parameter "lpm_width" = "32"
    Info (12134): Parameter "lpm_widthu" = "9"
    Info (12134): Parameter "lpm_widthu_r" = "11"
    Info (12134): Parameter "lpm_width_r" = "8"
    Info (12134): Parameter "overflow_checking" = "ON"
    Info (12134): Parameter "rdsync_delaypipe" = "4"
    Info (12134): Parameter "underflow_checking" = "ON"
    Info (12134): Parameter "use_eab" = "ON"
    Info (12134): Parameter "wrsync_delaypipe" = "4"
Info (12021): Found 1 design units, including 1 entities, in source file db/dcfifo_hfg1.tdf
    Info (12023): Found entity 1: dcfifo_hfg1
Info (12128): Elaborating entity "dcfifo_hfg1" for hierarchy "FIFO:FIFO|dcfifo_mixed_widths:dcfifo_mixed_widths_component|dcfifo_hfg1:auto_generated"
Info (12021): Found 1 design units, including 1 entities, in source file db/a_graycounter_2p6.tdf
    Info (12023): Found entity 1: a_graycounter_2p6
Info (12128): Elaborating entity "a_graycounter_2p6" for hierarchy "FIFO:FIFO|dcfifo_mixed_widths:dcfifo_mixed_widths_component|dcfifo_hfg1:auto_generated|a_graycounter_2p6:rdptr_g1p"
Info (12021): Found 1 design units, including 1 entities, in source file db/a_graycounter_v6c.tdf
    Info (12023): Found entity 1: a_graycounter_v6c
Info (12128): Elaborating entity "a_graycounter_v6c" for hierarchy "FIFO:FIFO|dcfifo_mixed_widths:dcfifo_mixed_widths_component|dcfifo_hfg1:auto_generated|a_graycounter_v6c:wrptr_g1p"
Info (12021): Found 1 design units, including 1 entities, in source file db/altsyncram_2011.tdf
    Info (12023): Found entity 1: altsyncram_2011
Info (12128): Elaborating entity "altsyncram_2011" for hierarchy "FIFO:FIFO|dcfifo_mixed_widths:dcfifo_mixed_widths_component|dcfifo_hfg1:auto_generated|altsyncram_2011:fifo_ram"
Info (12021): Found 1 design units, including 1 entities, in source file db/alt_synch_pipe_b7d.tdf
    Info (12023): Found entity 1: alt_synch_pipe_b7d
Info (12128): Elaborating entity "alt_synch_pipe_b7d" for hierarchy "FIFO:FIFO|dcfifo_mixed_widths:dcfifo_mixed_widths_component|dcfifo_hfg1:auto_generated|alt_synch_pipe_b7d:rs_dgwp"
Info (12021): Found 1 design units, including 1 entities, in source file db/dffpipe_a09.tdf
    Info (12023): Found entity 1: dffpipe_a09
Info (12128): Elaborating entity "dffpipe_a09" for hierarchy "FIFO:FIFO|dcfifo_mixed_widths:dcfifo_mixed_widths_component|dcfifo_hfg1:auto_generated|alt_synch_pipe_b7d:rs_dgwp|dffpipe_a09:dffpipe12"
Info (12021): Found 1 design units, including 1 entities, in source file db/alt_synch_pipe_c7d.tdf
    Info (12023): Found entity 1: alt_synch_pipe_c7d
Info (12128): Elaborating entity "alt_synch_pipe_c7d" for hierarchy "FIFO:FIFO|dcfifo_mixed_widths:dcfifo_mixed_widths_component|dcfifo_hfg1:auto_generated|alt_synch_pipe_c7d:ws_dgrp"
Info (12021): Found 1 design units, including 1 entities, in source file db/dffpipe_b09.tdf
    Info (12023): Found entity 1: dffpipe_b09
Info (12128): Elaborating entity "dffpipe_b09" for hierarchy "FIFO:FIFO|dcfifo_mixed_widths:dcfifo_mixed_widths_component|dcfifo_hfg1:auto_generated|alt_synch_pipe_c7d:ws_dgrp|dffpipe_b09:dffpipe15"
Info (12021): Found 1 design units, including 1 entities, in source file db/cmpr_n76.tdf
    Info (12023): Found entity 1: cmpr_n76
Info (12128): Elaborating entity "cmpr_n76" for hierarchy "FIFO:FIFO|dcfifo_mixed_widths:dcfifo_mixed_widths_component|dcfifo_hfg1:auto_generated|cmpr_n76:rdempty_eq_comp"
Info (12021): Found 1 design units, including 1 entities, in source file db/cntr_pld.tdf
    Info (12023): Found entity 1: cntr_pld
Info (12128): Elaborating entity "cntr_pld" for hierarchy "FIFO:FIFO|dcfifo_mixed_widths:dcfifo_mixed_widths_component|dcfifo_hfg1:auto_generated|cntr_pld:cntr_b"
Info (12128): Elaborating entity "baudrate" for hierarchy "baudrate:uart_baud"
Info (12128): Elaborating entity "transmitter" for hierarchy "transmitter:uart_Tx"
Warning (12241): 1 hierarchies have connectivity warnings - see the Connectivity Checks report folder
Info (13000): Registers with preset signals will power-up high
Info (13003): DEV_CLRn pin will set, and not reset, register with preset signal due to NOT Gate Push-Back
Warning (13004): Presettable and clearable registers converted to equivalent circuits with latches. Registers power-up to an undefined state, and DEVCLRn places the registers in an undefined state.
    Warning (13310): Register "lfsr:lfsr|data_out[2]" is converted into an equivalent circuit using register "lfsr:lfsr|data_out[2]~_emulated" and latch "lfsr:lfsr|data_out[2]~1"
    Warning (13310): Register "lfsr:lfsr|data_out[10]" is converted into an equivalent circuit using register "lfsr:lfsr|data_out[10]~_emulated" and latch "lfsr:lfsr|data_out[10]~5"
    Warning (13310): Register "lfsr:lfsr|data_out[18]" is converted into an equivalent circuit using register "lfsr:lfsr|data_out[18]~_emulated" and latch "lfsr:lfsr|data_out[18]~9"
    Warning (13310): Register "lfsr:lfsr|data_out[1]" is converted into an equivalent circuit using register "lfsr:lfsr|data_out[1]~_emulated" and latch "lfsr:lfsr|data_out[1]~13"
    Warning (13310): Register "lfsr:lfsr|data_out[9]" is converted into an equivalent circuit using register "lfsr:lfsr|data_out[9]~_emulated" and latch "lfsr:lfsr|data_out[9]~17"
    Warning (13310): Register "lfsr:lfsr|data_out[17]" is converted into an equivalent circuit using register "lfsr:lfsr|data_out[17]~_emulated" and latch "lfsr:lfsr|data_out[17]~21"
    Warning (13310): Register "lfsr:lfsr|data_out[25]" is converted into an equivalent circuit using register "lfsr:lfsr|data_out[25]~_emulated" and latch "lfsr:lfsr|data_out[25]~25"
    Warning (13310): Register "lfsr:lfsr|data_out[8]" is converted into an equivalent circuit using register "lfsr:lfsr|data_out[8]~_emulated" and latch "lfsr:lfsr|data_out[8]~29"
    Warning (13310): Register "lfsr:lfsr|data_out[16]" is converted into an equivalent circuit using register "lfsr:lfsr|data_out[16]~_emulated" and latch "lfsr:lfsr|data_out[16]~33"
    Warning (13310): Register "lfsr:lfsr|data_out[24]" is converted into an equivalent circuit using register "lfsr:lfsr|data_out[24]~_emulated" and latch "lfsr:lfsr|data_out[24]~37"
    Warning (13310): Register "lfsr:lfsr|data_out[3]" is converted into an equivalent circuit using register "lfsr:lfsr|data_out[3]~_emulated" and latch "lfsr:lfsr|data_out[3]~41"
    Warning (13310): Register "lfsr:lfsr|data_out[11]" is converted into an equivalent circuit using register "lfsr:lfsr|data_out[11]~_emulated" and latch "lfsr:lfsr|data_out[11]~45"
    Warning (13310): Register "lfsr:lfsr|data_out[19]" is converted into an equivalent circuit using register "lfsr:lfsr|data_out[19]~_emulated" and latch "lfsr:lfsr|data_out[19]~49"
    Warning (13310): Register "lfsr:lfsr|data_out[4]" is converted into an equivalent circuit using register "lfsr:lfsr|data_out[4]~_emulated" and latch "lfsr:lfsr|data_out[4]~53"
    Warning (13310): Register "lfsr:lfsr|data_out[12]" is converted into an equivalent circuit using register "lfsr:lfsr|data_out[12]~_emulated" and latch "lfsr:lfsr|data_out[12]~57"
    Warning (13310): Register "lfsr:lfsr|data_out[20]" is converted into an equivalent circuit using register "lfsr:lfsr|data_out[20]~_emulated" and latch "lfsr:lfsr|data_out[20]~61"
Info (286030): Timing-Driven Synthesis is running
Info (17049): 2 registers lost all their fanouts during netlist optimizations.
Info (144001): Generated suppressed messages file C:/Users/Anjana/Desktop/Github_FPGA/FPGA-Implementation-and-interfacing/Altera DE2-115 method/Quartus/Display_7seg/output_files/Display.map.smsg
Info (16010): Generating hard_block partition "hard_block:auto_generated_inst"
    Info (16011): Adding 0 node(s), including 0 DDIO, 0 PLL, 0 transceiver and 0 LCELL
Info (21057): Implemented 407 device resources after synthesis - the final resource count might be different
    Info (21058): Implemented 5 input pins
    Info (21059): Implemented 32 output pins
    Info (21061): Implemented 362 logic cells
    Info (21064): Implemented 8 RAM segments
Info: Quartus II 64-Bit Analysis & Synthesis was successful. 0 errors, 25 warnings
    Info: Peak virtual memory: 4799 megabytes
    Info: Processing ended: Wed May 31 06:39:29 2023
    Info: Elapsed time: 00:00:35
    Info: Total CPU time (on all processors): 00:00:39


+------------------------------------------+
; Analysis & Synthesis Suppressed Messages ;
+------------------------------------------+
The suppressed messages can be found in C:/Users/Anjana/Desktop/Github_FPGA/FPGA-Implementation-and-interfacing/Altera DE2-115 method/Quartus/Display_7seg/output_files/Display.map.smsg.


