------------------------------------------------------------
TimeQuest Timing Analyzer Summary
------------------------------------------------------------

Type  : Slow 1200mV 85C Model Setup 'clock_var:clock_var|clk_1mhz'
Slack : -4.939
TNS   : -155.032

Type  : Slow 1200mV 85C Model Setup 'mclk'
Slack : -3.376
TNS   : -144.990

Type  : Slow 1200mV 85C Model Setup 'clk_200hz:clk_200hz|clk_200hz'
Slack : -2.850
TNS   : -85.273

Type  : Slow 1200mV 85C Model Setup 'clock_100hz:clock_100hz|clk_100hz'
Slack : -2.629
TNS   : -66.474

Type  : Slow 1200mV 85C Model Hold 'clock_100hz:clock_100hz|clk_100hz'
Slack : 0.337
TNS   : 0.000

Type  : Slow 1200mV 85C Model Hold 'clk_200hz:clk_200hz|clk_200hz'
Slack : 0.386
TNS   : 0.000

Type  : Slow 1200mV 85C Model Hold 'clock_var:clock_var|clk_1mhz'
Slack : 0.387
TNS   : 0.000

Type  : Slow 1200mV 85C Model Hold 'mclk'
Slack : 0.391
TNS   : 0.000

Type  : Slow 1200mV 85C Model Minimum Pulse Width 'mclk'
Slack : -3.000
TNS   : -110.940

Type  : Slow 1200mV 85C Model Minimum Pulse Width 'clk_200hz:clk_200hz|clk_200hz'
Slack : -2.693
TNS   : -76.922

Type  : Slow 1200mV 85C Model Minimum Pulse Width 'clock_100hz:clock_100hz|clk_100hz'
Slack : -2.693
TNS   : -71.044

Type  : Slow 1200mV 85C Model Minimum Pulse Width 'clock_var:clock_var|clk_1mhz'
Slack : -1.285
TNS   : -56.540

Type  : Slow 1200mV 0C Model Setup 'clock_var:clock_var|clk_1mhz'
Slack : -4.439
TNS   : -137.509

Type  : Slow 1200mV 0C Model Setup 'mclk'
Slack : -3.038
TNS   : -123.486

Type  : Slow 1200mV 0C Model Setup 'clk_200hz:clk_200hz|clk_200hz'
Slack : -2.510
TNS   : -74.678

Type  : Slow 1200mV 0C Model Setup 'clock_100hz:clock_100hz|clk_100hz'
Slack : -2.327
TNS   : -57.388

Type  : Slow 1200mV 0C Model Hold 'clock_100hz:clock_100hz|clk_100hz'
Slack : 0.316
TNS   : 0.000

Type  : Slow 1200mV 0C Model Hold 'clk_200hz:clk_200hz|clk_200hz'
Slack : 0.337
TNS   : 0.000

Type  : Slow 1200mV 0C Model Hold 'clock_var:clock_var|clk_1mhz'
Slack : 0.339
TNS   : 0.000

Type  : Slow 1200mV 0C Model Hold 'mclk'
Slack : 0.350
TNS   : 0.000

Type  : Slow 1200mV 0C Model Minimum Pulse Width 'mclk'
Slack : -3.000
TNS   : -110.940

Type  : Slow 1200mV 0C Model Minimum Pulse Width 'clk_200hz:clk_200hz|clk_200hz'
Slack : -2.649
TNS   : -76.526

Type  : Slow 1200mV 0C Model Minimum Pulse Width 'clock_100hz:clock_100hz|clk_100hz'
Slack : -2.649
TNS   : -70.912

Type  : Slow 1200mV 0C Model Minimum Pulse Width 'clock_var:clock_var|clk_1mhz'
Slack : -1.285
TNS   : -56.540

Type  : Fast 1200mV 0C Model Setup 'clock_var:clock_var|clk_1mhz'
Slack : -1.822
TNS   : -51.975

Type  : Fast 1200mV 0C Model Setup 'mclk'
Slack : -1.111
TNS   : -29.205

Type  : Fast 1200mV 0C Model Setup 'clk_200hz:clk_200hz|clk_200hz'
Slack : -0.869
TNS   : -24.527

Type  : Fast 1200mV 0C Model Setup 'clock_100hz:clock_100hz|clk_100hz'
Slack : -0.772
TNS   : -15.267

Type  : Fast 1200mV 0C Model Hold 'mclk'
Slack : 0.031
TNS   : 0.000

Type  : Fast 1200mV 0C Model Hold 'clock_100hz:clock_100hz|clk_100hz'
Slack : 0.093
TNS   : 0.000

Type  : Fast 1200mV 0C Model Hold 'clk_200hz:clk_200hz|clk_200hz'
Slack : 0.174
TNS   : 0.000

Type  : Fast 1200mV 0C Model Hold 'clock_var:clock_var|clk_1mhz'
Slack : 0.175
TNS   : 0.000

Type  : Fast 1200mV 0C Model Minimum Pulse Width 'mclk'
Slack : -3.000
TNS   : -92.407

Type  : Fast 1200mV 0C Model Minimum Pulse Width 'clock_100hz:clock_100hz|clk_100hz'
Slack : -1.000
TNS   : -52.000

Type  : Fast 1200mV 0C Model Minimum Pulse Width 'clk_200hz:clk_200hz|clk_200hz'
Slack : -1.000
TNS   : -50.000

Type  : Fast 1200mV 0C Model Minimum Pulse Width 'clock_var:clock_var|clk_1mhz'
Slack : -1.000
TNS   : -44.000

------------------------------------------------------------
