------------------------------------------------------------
TimeQuest Timing Analyzer Summary
------------------------------------------------------------

Type  : Slow 1200mV 85C Model Setup 'clock_var:clock_var|clk_1mhz'
Slack : -5.216
TNS   : -158.976

Type  : Slow 1200mV 85C Model Setup 'mclk'
Slack : -3.161
TNS   : -139.330

Type  : Slow 1200mV 85C Model Setup 'clk_200hz:clk_200hz|clk_200hz'
Slack : -2.932
TNS   : -84.153

Type  : Slow 1200mV 85C Model Setup 'clock_100hz:clock_100hz|clk_100hz'
Slack : -2.472
TNS   : -61.722

Type  : Slow 1200mV 85C Model Hold 'clock_100hz:clock_100hz|clk_100hz'
Slack : 0.385
TNS   : 0.000

Type  : Slow 1200mV 85C Model Hold 'clk_200hz:clk_200hz|clk_200hz'
Slack : 0.386
TNS   : 0.000

Type  : Slow 1200mV 85C Model Hold 'clock_var:clock_var|clk_1mhz'
Slack : 0.387
TNS   : 0.000

Type  : Slow 1200mV 85C Model Hold 'mclk'
Slack : 0.390
TNS   : 0.000

Type  : Slow 1200mV 85C Model Minimum Pulse Width 'mclk'
Slack : -3.000
TNS   : -110.940

Type  : Slow 1200mV 85C Model Minimum Pulse Width 'clk_200hz:clk_200hz|clk_200hz'
Slack : -2.693
TNS   : -76.922

Type  : Slow 1200mV 85C Model Minimum Pulse Width 'clock_100hz:clock_100hz|clk_100hz'
Slack : -2.693
TNS   : -71.044

Type  : Slow 1200mV 85C Model Minimum Pulse Width 'clock_var:clock_var|clk_1mhz'
Slack : -1.285
TNS   : -57.825

Type  : Slow 1200mV 0C Model Setup 'clock_var:clock_var|clk_1mhz'
Slack : -4.690
TNS   : -140.954

Type  : Slow 1200mV 0C Model Setup 'mclk'
Slack : -2.828
TNS   : -117.954

Type  : Slow 1200mV 0C Model Setup 'clk_200hz:clk_200hz|clk_200hz'
Slack : -2.584
TNS   : -73.595

Type  : Slow 1200mV 0C Model Setup 'clock_100hz:clock_100hz|clk_100hz'
Slack : -2.186
TNS   : -52.849

Type  : Slow 1200mV 0C Model Hold 'clk_200hz:clk_200hz|clk_200hz'
Slack : 0.337
TNS   : 0.000

Type  : Slow 1200mV 0C Model Hold 'clock_100hz:clock_100hz|clk_100hz'
Slack : 0.339
TNS   : 0.000

Type  : Slow 1200mV 0C Model Hold 'clock_var:clock_var|clk_1mhz'
Slack : 0.340
TNS   : 0.000

Type  : Slow 1200mV 0C Model Hold 'mclk'
Slack : 0.349
TNS   : 0.000

Type  : Slow 1200mV 0C Model Minimum Pulse Width 'mclk'
Slack : -3.000
TNS   : -110.940

Type  : Slow 1200mV 0C Model Minimum Pulse Width 'clk_200hz:clk_200hz|clk_200hz'
Slack : -2.649
TNS   : -76.526

Type  : Slow 1200mV 0C Model Minimum Pulse Width 'clock_100hz:clock_100hz|clk_100hz'
Slack : -2.649
TNS   : -70.912

Type  : Slow 1200mV 0C Model Minimum Pulse Width 'clock_var:clock_var|clk_1mhz'
Slack : -1.285
TNS   : -57.825

Type  : Fast 1200mV 0C Model Setup 'clock_var:clock_var|clk_1mhz'
Slack : -1.955
TNS   : -53.892

Type  : Fast 1200mV 0C Model Setup 'mclk'
Slack : -1.052
TNS   : -27.496

Type  : Fast 1200mV 0C Model Setup 'clk_200hz:clk_200hz|clk_200hz'
Slack : -0.952
TNS   : -24.292

Type  : Fast 1200mV 0C Model Setup 'clock_100hz:clock_100hz|clk_100hz'
Slack : -0.707
TNS   : -14.674

Type  : Fast 1200mV 0C Model Hold 'mclk'
Slack : 0.041
TNS   : 0.000

Type  : Fast 1200mV 0C Model Hold 'clk_200hz:clk_200hz|clk_200hz'
Slack : 0.174
TNS   : 0.000

Type  : Fast 1200mV 0C Model Hold 'clock_100hz:clock_100hz|clk_100hz'
Slack : 0.174
TNS   : 0.000

Type  : Fast 1200mV 0C Model Hold 'clock_var:clock_var|clk_1mhz'
Slack : 0.175
TNS   : 0.000

Type  : Fast 1200mV 0C Model Minimum Pulse Width 'mclk'
Slack : -3.000
TNS   : -92.390

Type  : Fast 1200mV 0C Model Minimum Pulse Width 'clock_100hz:clock_100hz|clk_100hz'
Slack : -1.000
TNS   : -52.000

Type  : Fast 1200mV 0C Model Minimum Pulse Width 'clk_200hz:clk_200hz|clk_200hz'
Slack : -1.000
TNS   : -50.000

Type  : Fast 1200mV 0C Model Minimum Pulse Width 'clock_var:clock_var|clk_1mhz'
Slack : -1.000
TNS   : -45.000

------------------------------------------------------------
