------------------------------------------------------------
TimeQuest Timing Analyzer Summary
------------------------------------------------------------

Type  : Slow 1200mV 85C Model Setup 'clock_var:clock_var|clk_1mhz'
Slack : -4.913
TNS   : -295.674

Type  : Slow 1200mV 85C Model Setup 'mclk'
Slack : -3.216
TNS   : -142.251

Type  : Slow 1200mV 85C Model Setup 'clk_200hz:clk_200hz|clk_200hz'
Slack : -2.831
TNS   : -84.786

Type  : Slow 1200mV 85C Model Setup 'clock_100hz:clock_100hz|clk_100hz'
Slack : -2.609
TNS   : -60.860

Type  : Slow 1200mV 85C Model Hold 'clock_100hz:clock_100hz|clk_100hz'
Slack : 0.285
TNS   : 0.000

Type  : Slow 1200mV 85C Model Hold 'clk_200hz:clk_200hz|clk_200hz'
Slack : 0.388
TNS   : 0.000

Type  : Slow 1200mV 85C Model Hold 'clock_var:clock_var|clk_1mhz'
Slack : 0.388
TNS   : 0.000

Type  : Slow 1200mV 85C Model Hold 'mclk'
Slack : 0.391
TNS   : 0.000

Type  : Slow 1200mV 85C Model Minimum Pulse Width 'mclk'
Slack : -3.000
TNS   : -110.940

Type  : Slow 1200mV 85C Model Minimum Pulse Width 'clk_200hz:clk_200hz|clk_200hz'
Slack : -2.693
TNS   : -76.922

Type  : Slow 1200mV 85C Model Minimum Pulse Width 'clock_100hz:clock_100hz|clk_100hz'
Slack : -2.693
TNS   : -71.044

Type  : Slow 1200mV 85C Model Minimum Pulse Width 'clock_var:clock_var|clk_1mhz'
Slack : -1.285
TNS   : -104.085

Type  : Slow 1200mV 0C Model Setup 'clock_var:clock_var|clk_1mhz'
Slack : -4.395
TNS   : -261.842

Type  : Slow 1200mV 0C Model Setup 'mclk'
Slack : -2.842
TNS   : -120.517

Type  : Slow 1200mV 0C Model Setup 'clk_200hz:clk_200hz|clk_200hz'
Slack : -2.493
TNS   : -72.870

Type  : Slow 1200mV 0C Model Setup 'clock_100hz:clock_100hz|clk_100hz'
Slack : -2.311
TNS   : -52.187

Type  : Slow 1200mV 0C Model Hold 'clock_100hz:clock_100hz|clk_100hz'
Slack : 0.293
TNS   : 0.000

Type  : Slow 1200mV 0C Model Hold 'clk_200hz:clk_200hz|clk_200hz'
Slack : 0.340
TNS   : 0.000

Type  : Slow 1200mV 0C Model Hold 'clock_var:clock_var|clk_1mhz'
Slack : 0.341
TNS   : 0.000

Type  : Slow 1200mV 0C Model Hold 'mclk'
Slack : 0.350
TNS   : 0.000

Type  : Slow 1200mV 0C Model Minimum Pulse Width 'mclk'
Slack : -3.000
TNS   : -110.940

Type  : Slow 1200mV 0C Model Minimum Pulse Width 'clk_200hz:clk_200hz|clk_200hz'
Slack : -2.649
TNS   : -76.526

Type  : Slow 1200mV 0C Model Minimum Pulse Width 'clock_100hz:clock_100hz|clk_100hz'
Slack : -2.649
TNS   : -70.912

Type  : Slow 1200mV 0C Model Minimum Pulse Width 'clock_var:clock_var|clk_1mhz'
Slack : -1.285
TNS   : -104.085

Type  : Fast 1200mV 0C Model Setup 'clock_var:clock_var|clk_1mhz'
Slack : -1.861
TNS   : -102.921

Type  : Fast 1200mV 0C Model Setup 'mclk'
Slack : -1.073
TNS   : -28.797

Type  : Fast 1200mV 0C Model Setup 'clk_200hz:clk_200hz|clk_200hz'
Slack : -0.907
TNS   : -23.676

Type  : Fast 1200mV 0C Model Setup 'clock_100hz:clock_100hz|clk_100hz'
Slack : -0.764
TNS   : -15.076

Type  : Fast 1200mV 0C Model Hold 'clock_100hz:clock_100hz|clk_100hz'
Slack : 0.096
TNS   : 0.000

Type  : Fast 1200mV 0C Model Hold 'mclk'
Slack : 0.115
TNS   : 0.000

Type  : Fast 1200mV 0C Model Hold 'clk_200hz:clk_200hz|clk_200hz'
Slack : 0.175
TNS   : 0.000

Type  : Fast 1200mV 0C Model Hold 'clock_var:clock_var|clk_1mhz'
Slack : 0.175
TNS   : 0.000

Type  : Fast 1200mV 0C Model Minimum Pulse Width 'mclk'
Slack : -3.000
TNS   : -92.435

Type  : Fast 1200mV 0C Model Minimum Pulse Width 'clock_var:clock_var|clk_1mhz'
Slack : -1.000
TNS   : -81.000

Type  : Fast 1200mV 0C Model Minimum Pulse Width 'clock_100hz:clock_100hz|clk_100hz'
Slack : -1.000
TNS   : -52.000

Type  : Fast 1200mV 0C Model Minimum Pulse Width 'clk_200hz:clk_200hz|clk_200hz'
Slack : -1.000
TNS   : -50.000

------------------------------------------------------------
